[
    {
        "field": true
    },
    {
        "field": false
    },
    {
        "field": null
    },
    {
        "field": true
    },
    {
        "field": false
    },
    {
        "field": false
    },
    {
        "field": true
    },
    {
        "field": true
    },
    {
        "field": true
    }
]
