[
    {
        "field": "some string"
    },
    {
        "field": "example@email.com"
    },
    {
        "field": ""
    },
    {
        "field": null
    }
]
