CREATE TABLE `model` (
`field` VARCHAR(255) NULL
)
