[
    {
        "field": {
            "a": null,
            "b": null
        }
    },
    {
        "field": {
            "a": "",
            "b": ""
        }
    },
    {
        "field": {
            "a": "asd",
            "b": ""
        }
    },
    {
        "field": {
            "a": "",
            "b": "qwe"
        }
    },
    {
        "field": {
            "a": "asd",
            "b": "qwe"
        }
    }
]
