CONSTRAINT CHECK (`custom_field` IN ("a", "b", "c"))