CREATE TABLE `model` (
`custom_field` VARCHAR(200) NOT NULL UNIQUE,
CONSTRAINT CHECK (`custom_field` IN ("a", "b", "c"))
)
