[
    {
        "field": null
    },
    {
        "field": null
    },
    {
        "field": null
    },
    {
        "field": null
    },
    {
        "field": null
    },
    {
        "field": "a"
    },
    {
        "field": "b"
    },
    {
        "field": "c"
    },
    {
        "field": null
    },
    {
        "field": null
    },
    {
        "field": null
    }
]
