VARCHAR(200) UNSIGNED NOT NULL AUTO_INCREMENT PRIMARY KEY UNIQUE