CREATE TABLE `model` (
`field` INTEGER UNSIGNED NULL AUTO_INCREMENT PRIMARY KEY
)
