CREATE TABLE `model` (
`custom_field` VARCHAR(200) UNSIGNED NOT NULL AUTO_INCREMENT PRIMARY KEY UNIQUE
)
