[
    {
        "field": null
    },
    {
        "field": null
    },
    {
        "field": null
    },
    {
        "field": 1
    },
    {
        "field": 0
    },
    {
        "field": null
    },
    {
        "field": null
    },
    {
        "field": null
    },
    {
        "field": null
    }
]
