[
    {
        "field": true
    },
    {
        "field": false
    },
    {
        "field": null
    },
    {
        "field": 1
    },
    {
        "field": 0
    },
    {
        "field": ""
    },
    {
        "field": "string"
    },
    {
        "field": [
            1,
            2,
            "string"
        ]
    },
    {
        "field": {
            "a": 1,
            "b": 2,
            "c": "string"
        }
    }
]
