{
    "auto": false,
    "forced": false,
    "private": true,
    "populate": false,
    "readonly": false,
    "required": true,
    "type": "password",
    "unique": false,
    "virtual": false,
    "regex": "^(?=.*?[A-Z])(?=.*?[a-z])(?=.*?[0-9]).{8,}$",
    "key": "field",
    "name": "Field"
}
