CREATE TABLE `model` (
`field` VARCHAR(255) NOT NULL PRIMARY KEY
)
