CREATE TABLE `model` (
`custom_field` VARCHAR(200) NOT NULL PRIMARY KEY UNIQUE
)
