{
    "auto": false,
    "forced": false,
    "private": false,
    "populate": false,
    "readonly": false,
    "required": false,
    "type": "timestamp",
    "unique": false,
    "virtual": false,
    "key": "field",
    "name": "Field"
}
