CREATE TABLE `model` (
`field` TIMESTAMP NULL DEFAULT NULL
)
